366203717
570214340
796889977
160047773
615242735
612707901
385634474
902204816
248004274
627241938
447400750
430103138
260619433
440769448
455637265
595737295
764230293
414492689
347867071
274165455
575189566
359326942
386189832
427169518
556919874
648102064
693047470
504455218
523457720
390343743
270076800
93042533
391389651
131328138
563441716
534391558
617492978
549480498
72636250
582885106
324020824
531851377
403215188
517768876
268744851
254150512
738975312
637169153
254643302
779081328
455543837
567989481
780925013
400824278
249020720
495191183
492269590
680223371
332802046
230722956
269610139
262932415
321942374
522174848
271102128
228303340
447269003
709624276
562690626
218861359
469012927
382488809
58714827
589514625
466391722
587500831
112087772
545789289
395312371
217210371
656564546
586038653
295854497
515499579
322300881
856577247
107461982
250845977
553479861
280884734
262867016
554847362
41940345
399063784
523412318
332442831
546834757
605750325
468660721
341669378
348349452
243043181
451662374
203514483
480856753
96202512
519086420
158660700
-1
392844420
104666391
694396761
687277263
69440405
153754425
499013756
139068843
501622193
615521279
472505350
443313481
237830420
672498378
188821295
164808586
364397638
89882664
151335562
292021737
326783718
283817917
238518553
435240582
151740917
506386153
618354736
341129540
492906241
398554978
180078888
74313573
314193759
398268950
306062032
-1
399284497
402884730
397269784
168465906
285609409
486381484
148549812
386636674
384254325
557013281
260992633
529152684
677101730
722517548
707276424
418735364
169223032
415553349
501571633
262088351
297342706
801188969
713687622
473779683
36637460
370431750
450993234
132568533
200118933
341739267
261971540
138941168
319235956
126865703
387706394
628461641
214289148
299484349
465652915
287884393
136717163
-1
537074233
252583398
286414045
571303460
530507085
341011049
354206960
299432403
224293720
550369839
875681034
233442436
60384719
