897504077
492903775
870607209
382796973
157740022
204947634
39402331
714999194
460354607
25744168
107050468
452251097
117244126
404794916
900569099
985814275
572423466
954651271
524235865
744747256
796602200
36650179
910075833
64816590
917685676
773088176
848037330
403204832
232838082
222346833
125633433
218771523
98113995
738702347
318137142
919319837
203370111
164848986
400815734
583626351
214019136
993155991
84425101
730703530
929893700
473989885
424263247
1616115
869514802
171727679
974175767
-1
659593773
262816530
864029581
692856610
605351992
325793936
809772092
426407395
478211394
181152077
565673744
411848656
356299385
455614067
43009575
498239333
638707260
270469650
16437294
835864623
293924265
824964434
919975648
172175219
53855378
517663880
70737886
525108873
964974169
601002386
347703446
632859916
13622678
689205059
606908504
825090122
216191881
980432862
776929049
271864995
491356510
133407397
201317305
291308993
215468941
82282181
991715753
351043660
470203975
47315659
680796825
560600395
237316458
238905139
162445193
373197345
109896942
915494429
961102809
260956635
668801560
735083216
69751671
449779454
71481542
828371382
468088144
261858026
70289666
15679542
770367907
748915211
910723818
411309711
222997338
531437355
836285479
662773303
299797182
371037454
189359402
200319370
480247047
752268513
610087109
507076670
425293256
339583111
771720114
610783055
708299689
614876171
735807676
994088277
673164371
412683452
524270012
356751414
573656026
380786948
245166472
508710229
671630167
741347150
433279013
790862926
73694020
322920515
589136439
471804240
301895374
928035970
273592696
261580207
91006844
750714456
816728660
170330903
755034199
675791925
520665700
713730315
374466926
981384821
230993755
467636756
821101251
277792045
849571250
583370378
96561041
720708494
233889828
854210803
684767405
507647440
219151144
691414681
421711348
67478377
36123364
74699948
979791693
828776370
284315859
671022512
918640339
682846642
