YES 1
YES 688
YES 39
YES 107
NO
YES 1
YES 445
YES 1
NO
YES 388
NO
YES 83
YES 1
YES 1
NO
NO
YES 469
YES 1
NO
NO
NO
NO
NO
YES 1
YES 331
YES 1
NO
YES 1
YES 1
NO
NO
NO
YES 473
YES 1
YES 371
YES 5
NO
NO
NO
YES 575
NO
YES 167
YES 123
YES 321
YES 297
YES 111
NO
YES 1
YES 1
NO
NO
YES 3
YES 1
YES 195
YES 159
YES 63
YES 41
YES 194
YES 72
YES 35
YES 441
YES 517
NO
YES 135
NO
YES 421
NO
NO
NO
YES 7
YES 1
YES 283
NO
YES 1
YES 15
YES 98
NO
NO
YES 335
NO
YES 1
YES 589
YES 1
YES 1
YES 496
YES 245
YES 561
YES 13
YES 349
NO
YES 191
YES 127
YES 409
YES 1
NO
NO
NO
YES 557
YES 519
NO
YES 415
YES 1
YES 33
YES 1
YES 1
YES 535
NO
YES 1
NO
YES 591
YES 119
NO
YES 33
YES 1
YES 249
NO
YES 169
YES 5
YES 9
YES 427
YES 7
NO
YES 91
YES 139
YES 3
YES 1
YES 223
YES 1
NO
YES 1
NO
YES 387
YES 287
NO
NO
YES 207
NO
YES 223
NO
NO
YES 19
YES 401
YES 39
YES 399
YES 271
NO
YES 1
NO
NO
YES 1
NO
YES 77
YES 1
YES 139
YES 1
NO
YES 517
NO
YES 107
YES 29
YES 655
YES 1
YES 135
NO
YES 225
YES 57
YES 1
YES 1
YES 1
NO
NO
NO
YES 77
YES 1
YES 7
NO
YES 5
YES 1
YES 1
YES 427
NO
NO
NO
YES 1
NO
YES 161
NO
NO
YES 10
YES 57
YES 7
NO
NO
YES 169
NO
YES 105
YES 1
NO
YES 333
NO
YES 1
YES 365
YES 1
YES 113
YES 325
YES 287
NO
NO
YES 1
NO
YES 125
YES 237
NO
NO
YES 277
NO
YES 171
NO
YES 246
NO
YES 9
YES 570
YES 767
NO
YES 25
YES 3
YES 1
YES 1
NO
YES 437
YES 253
NO
NO
YES 55
NO
YES 287
NO
NO
NO
NO
NO
NO
NO
YES 13
YES 51
YES 143
YES 315
YES 1
YES 1
YES 1
NO
NO
YES 11
YES 1
YES 5
NO
YES 261
YES 351
YES 1
YES 455
YES 59
YES 187
YES 35
YES 1
NO
YES 145
YES 237
NO
YES 263
YES 75
YES 247
YES 449
YES 245
YES 1
NO
NO
YES 1
YES 283
NO
YES 37
NO
YES 746
YES 25
YES 1
NO
NO
YES 9
NO
YES 447
YES 459
YES 127
YES 1
YES 89
YES 1
NO
NO
NO
NO
YES 1
YES 275
