644958049
0
639685225
0
414180899
0
549422514
0
0
70608200
76189566
114605652
350029195
399566153
600242019
446751839
233282832
207200929
0
20140686
416291393
590838912
0
654766639
528535761
320391804
469613978
382643480
154055896
0
551760373
515576931
582896039
115113970
172667449
592209742
511436043
0
526625083
0
0
257415854
614762881
378064130
0
323986042
246727203
0
274488568
101893218
430616158
208858727
620026434
0
117464269
272878283
290281366
380379776
347106724
406510385
229954722
209395052
0
325670725
129201016
110352287
606346126
306926738
345346344
199516685
53135237
657388139
38141200
401693457
597991380
477629319
0
363898332
152218583
363453352
9497266
428013739
283634027
252266687
272082532
273270602
439529468
215604104
0
480469005
0
15446641
492882577
590915095
158112801
113944407
0
422650210
0
0
251314824
616904817
21693974
606798196
555380642
287723785
529475900
421184275
414598717
285103865
626609563
612611736
475496108
154879796
4844333
47729171
287554238
378330330
229397411
598699541
0
24573852
555526341
339336498
594351747
598401687
0
364051689
29690652
239789351
219576176
366353127
49309165
7532376
511408274
563607098
20839714
0
654705317
560631336
0
0
84521558
589720629
635023555
305912301
262918162
402129008
0
0
0
73556817
233976937
439146801
191256760
250881609
651172880
396518377
117995090
333531258
386970377
246937272
401964131
331422010
11995058
400465377
29122061
188510814
428993518
636887239
114593777
0
223550279
488745590
160042699
0
426654739
379189972
613257788
440629393
557134153
267974348
135590567
127812410
85206174
539641840
239589366
425829134
0
635954403
0
268923547
214991973
101677347
584141625
0
648841486
621402673
0
538901036
95110862
289491797
468695655
500160817
75556791
0
452916494
358193013
422409828
0
525863011
483069398
580229796
58329140
78996334
34083122
349142693
260149743
475685316
0
363460301
629994643
0
151054669
269891220
525272023
622043989
0
350895413
0
74633610
205154393
348817854
225415758
288474836
64111383
0
508217142
0
329050131
568861034
137192054
610335820
0
114048995
275816964
386917112
189178338
26777882
300343856
320682064
234168094
130057797
218367533
145081325
173867570
377291151
504113032
477975868
0
67001689
182293664
631943008
427056787
474003817
627118283
176166156
571115004
643871261
253791691
574115321
334688416
0
629256425
320935014
105715101
71641691
0
627800099
0
630418153
338572341
200008796
34623193
91616050
269851204
437149456
88234143
441908837
255741324
242758190
51255334
0
450435094
470215155
338905461
197398625
217865756
455602616
135479764
217468188
642981399
86288730
605302872
656293292
616921157
62131632
0
92966155
237956256
248753289
548582807
0
8144601
349883143
0
0
583321513
566889425
126760128
0
315335837
182511157
110343940
325706119
287242475
487073590
235687663
195070901
216480164
472934133
469612217
0
165218491
425993584
364037197
18829507
0
274820424
358705587
451203544
491271271
0
88151094
319017495
503655292
360826686
0
642692597
0
664991725
537341969
293914103
146023993
575127790
0
411027557
431054993
598097072
315789929
648814237
602241177
215822359
0
185013004
120074947
48259740
305831724
0
114428370
88452195
428176269
167411287
623528825
548216350
357892381
545989675
411994731
0
261918264
623201917
523013347
448757385
641786383
599397129
503997767
121826913
0
662922116
396418591
559663565
548577056
571651501
201908463
507520211
317854974
477348556
484282160
488255549
159868745
14500923
579532142
616339259
534987056
307260690
0
22418984
258062916
15677506
199421558
0
582725611
304151205
288645568
386747717
513461287
214755042
661384135
12231458
43290043
581331136
324649482
628375380
388368707
583689921
595255508
259024951
446751839
0
186058799
0
0
67329083
71383209
0
440875805
352266053
535290657
92791264
343277763
0
506571247
644024077
106193571
457662663
493246867
660453739
123705327
545546122
617205985
571813530
481609405
135656942
346310774
243042480
597809644
277270921
94435643
467719918
0
330453265
630105175
365597529
341513265
633035175
508899937
0
76405777
395981125
0
387498225
0
525783366
376371841
0
131670100
164697918
522700614
366008352
128804007
656237142
402926891
302111544
0
227048214
471754830
0
494859613
87069055
623125676
521381967
448749056
0
318617244
326844533
362304462
643487968
21502132
485819360
334348215
0
574528872
630844613
163253562
0
33120523
0
0
515061058
453656503
201153196
455420438
397687003
56317131
0
0
0
568663101
547713679
324840625
169175056
323969015
344679241
498879249
489940037
503153066
576938624
523428026
236205973
0
647171302
70803392
301914613
376511063
272416490
338245094
53424897
126348353
24218620
56923722
185345680
457726003
350628301
315122687
96148035
561116584
213962518
0
0
421279244
449780433
487105542
168284867
287902120
377318402
304676703
172755669
289239356
545702334
0
0
204599456
538111629
0
0
102919844
0
67901524
85275420
0
0
595781144
160566088
157429769
132804051
305793312
570591882
27151267
660400972
641573970
664038770
265054044
0
0
218551755
607981689
370644954
278652531
492003312
0
460921994
526806381
322587353
63639739
0
544843551
390571853
104482429
654025661
15965330
544356694
453345027
317730610
401217260
0
195532078
360523161
493644931
200734320
511918535
340254275
0
0
148338025
0
476865541
0
539231591
456738363
0
244181033
0
550992123
145271333
531437698
0
488063595
329067569
213550078
418204437
572013745
399561692
368167410
221002661
135421236
146626764
425612645
466150292
92631511
0
0
112042700
645048405
396198329
334242910
194768164
666211169
299630203
297246636
602156079
531182635
109040222
341831176
309595349
383078486
498697349
133929453
318198422
309510138
632850277
61998686
218815026
485219028
559663921
0
0
222951033
488822130
0
657929870
422184200
143388529
562889465
602846385
170729105
88280736
0
0
200557850
522295804
99198687
579949425
355130638
23294841
564929202
102749102
0
554975910
471224622
0
524545187
418910653
154785710
125141605
292240145
439255556
292395040
0
438713862
410462422
0
609657420
144695583
468775764
146279021
409313445
157795669
578620837
0
0
102611777
425734712
240095078
319840347
421984617
0
462736588
609655330
382969179
433012652
539761608
0
453343716
468334706
0
0
188052860
360444854
0
105004992
634921633
627872060
597753157
387727391
26785184
262181578
0
626526970
646102965
353314463
0
456108610
329139246
283176452
595092412
179305737
434867806
112324386
103215171
16067852
122254696
0
0
383388084
357607002
93268378
219288120
159621700
300618554
0
494787328
627578731
232673295
419962543
51419529
89760714
95774219
508354295
0
129509507
48847162
222165753
587459011
534424856
171421035
328082761
475697559
66302378
637337720
0
400643692
299665233
563339682
151677149
16283092
398275466
128291341
183550197
280668280
27986162
105397825
480031937
530705696
628734191
312495597
334497195
0
271850832
294610008
527862566
0
0
447256295
0
491699356
0
239172647
512715471
438998715
301249666
306797059
368605061
315667667
386861154
0
355015283
0
335026565
0
408109742
0
247068331
641956771
551547776
624873347
463689302
347495605
351375125
0
657439297
625471647
355410249
456139028
0
435569147
308176917
44943100
393337318
240092799
593535772
261801259
634018452
0
212095113
386243005
280530020
600679391
654813052
614407119
411940486
0
581355344
616080559
452426104
178898594
271127841
0
314876478
380045145
265046958
639634279
228763430
580715794
655469528
0
430224067
247804528
81836872
0
311091836
414849677
0
461666415
0
424644785
282024195
0
214436684
431509500
0
24926896
554069489
407875968
144657176
647423889
89153768
62508234
0
0
552686795
571551991
0
454311535
408447192
605045237
440432864
0
0
0
273803493
509601277
385556625
453612415
561189725
197202299
563316679
136007182
405565613
280066910
146689996
0
664032082
626017620
0
241332359
222071622
261821292
132146482
253575191
521790791
55299317
0
156329272
658655332
236835235
630121289
317478230
228802529
501438195
53590925
559161241
408859162
92235131
189585415
0
216653333
259706419
0
536179104
0
0
174734511
597766427
270297600
278636546
502600462
626386875
330027453
141647104
477365059
160691226
0
491455427
356915226
149639754
562444841
109573093
482571079
494518484
304483975
357494692
0
630473478
390245152
573429084
0
289338415
236009947
0
403179329
364507751
384911488
203983990
244186426
609608442
39613200
281840256
0
543765789
429082731
0
260550254
428208328
0
199429191
215323351
42020644
456623410
43317702
447779398
95134967
0
0
301032674
211324713
274847233
637713560
0
469345692
24972482
172832448
189194103
354160795
254159252
234084142
373224908
282852686
355208977
239348010
625782448
468853882
122748807
0
298395716
84100966
0
0
351385917
0
546893009
137363126
0
651303958
576505002
0
371836263
459734770
572769119
293635824
647171302
112730294
0
339741732
538610042
220302876
0
0
645438057
309092007
21729862
0
471932462
311671280
248558739
454530727
541715720
493269458
540244112
0
426712099
457653687
472115813
276682127
328614838
575020949
313936652
239369567
481055653
11803726
608715476
553291818
0
39463996
299123889
108725052
321505273
0
0
220232788
586628675
334699753
461717590
490921617
293392066
0
531627655
481936052
419254765
614656184
321491040
0
119160255
58947537
64118725
388349132
130247957
646483334
299008288
325854355
293797582
626735392
511852070
365165653
198224973
423542939
186555643
665877977
437030106
0
455524253
334633077
203045788
211606647
351545091
138649449
572334140
611818416
341602180
83051978
241874437
51358288
51083189
0
516199770
298656322
0
175178312
436786220
615613972
0
272597557
412488400
0
221879994
366319906
440463029
418206746
436989837
390086137
249011795
100515405
0
256330907
523617644
230311772
278579755
106120825
641844812
475486697
362125007
164597576
334459159
219009885
120792321
420270739
404781811
590161705
342146533
4566364
480396799
376654449
133415706
555276527
374318738
0
527052098
52638808
393328043
0
582207400
411599911
0
159504265
59695235
599353740
223280714
367938571
315341950
632956611
183080798
50429908
167435796
28166682
0
28612088
436927636
455970432
0
550844624
243185604
247650093
117060973
459596601
0
199009753
545999442
310687955
530255677
174988274
563423146
143729050
129620285
386302234
505429073
107288110
604005439
40569188
524030522
224520991
536837703
608579243
0
115605101
210438520
187950337
211253183
0
30562393
0
540347554
243232729
529860284
292714493
0
0
269800307
112681775
587012709
0
651962393
109407693
512468789
0
476751068
357939612
421349653
336171895
638831859
651556786
187337751
0
369497769
223299027
530187039
622373769
195829974
461923085
382490642
441186724
324203928
97585115
283553567
328928334
377760635
27112358
486256631
218650689
67018166
0
248084851
274373149
206334738
552734120
263029128
551252568
198621021
295892312
30695301
298024129
447719362
215477247
511792401
614246738
389796188
179339554
639899007
509014547
480135735
465868450
114548099
166526361
276501937
0
162795249
391918891
568253844
192821422
119440903
0
624124721
554154736
181312810
549567135
0
0
0
661918337
396242408
326542724
263551671
247472585
550505047
380689975
364991491
0
498589039
240619186
0
120487744
297235572
423459712
0
172166605
272323154
438948813
255351533
75530330
0
259202858
188423171
384192489
480052470
561556368
64326688
227512352
0
364896165
433982507
386770480
0
445415207
611132168
0
321807218
0
74944540
0
215473302
93180225
279228761
0
0
558263492
117174275
382307917
271264510
364430764
608468990
239625095
0
306219809
265943875
372838505
391654101
345959613
663526166
360823135
618967592
319671190
48922573
521781582
0
81652487
579598808
93420981
0
526891153
63196739
7621709
572464279
0
498057373
284732318
313827485
0
14094067
263020483
4844762
24480307
664345304
198897537
503801261
248061330
601212641
156808089
0
258970269
0
177265269
14477125
269952242
561846593
0
535338413
255893472
57631975
64562079
518961331
344163412
664132953
634171686
0
483705932
653685678
264629900
537091798
216653333
402157718
32566166
0
372099268
386264516
120781285
576895869
0
553706755
440870957
527904662
517675702
191211394
649502658
496928837
208073515
618943174
268599389
127841829
0
387116954
0
433912321
0
111671596
533555870
290231373
656330791
652238472
334569288
116568043
485706782
610539407
587112219
41784575
0
0
198751230
181740832
278363822
193082846
0
0
0
264275978
143182994
270063443
486362570
559122362
458650025
0
0
13426329
173816294
91278168
0
476924635
623131869
0
227561428
462518744
359443283
109376631
95055640
606656526
0
215677174
180261076
131305155
658972905
509722738
337299860
140207079
657729934
516701332
0
235162430
132258880
266768936
0
464131980
253585850
237679761
563311355
456039202
0
220202535
405438808
97565554
271615154
101269159
120127826
191645181
262596297
597923619
0
570715548
278165692
260300367
0
343642159
404050346
372089446
0
0
501935516
249498145
317221227
382181777
146787745
375609816
0
0
531442664
423241751
201602378
531359721
434537930
45200455
140972110
658407991
631665227
557278283
0
496477494
0
378418498
164296355
191955640
530414169
217693003
0
135486768
532506661
449310558
208577848
563682872
14136210
236126443
439100457
0
392191891
601193254
4160214
96424525
327717729
393320719
28529585
492493332
648334290
455910379
4194099
442671510
273680302
611169667
0
0
113948233
64362472
201950928
564382003
213324249
309996058
267848776
337701148
662027600
299715237
566338002
601794530
359685193
612236882
518988058
619614781
0
144320995
272016228
610122318
564477950
469063109
125356222
295490592
177818254
0
118293
299166809
0
232681718
168899908
307078358
608294361
10973267
340246439
543298911
467921088
251076243
372386262
290599128
185142033
417459873
521725461
489931108
0
235954116
99771956
356726196
235180879
0
322464209
380744641
0
0
0
0
159739696
383326746
322720520
374824441
96330699
637280994
303958454
0
518209152
315012669
613516550
644996581
461400635
0
163250787
426983749
108870030
251076813
662614761
222082054
497152643
236145369
27662600
281340727
461251875
325312117
290532136
585525109
202410542
431644031
422245059
0
15671135
0
585127489
243006546
627729748
395973942
503122846
490948998
51831465
595397543
0
485350563
1268863
664781025
0
393307692
0
0
237981799
250084770
212188114
539094112
84326439
0
17477502
474950390
500328236
334297607
0
611168089
381601383
547027236
614978538
0
615518951
619095488
368299575
447820115
0
378831434
239999743
394526323
0
523901703
447286411
213794391
60420990
495539231
535381236
178775327
46751338
27310298
660453739
511092404
465931339
22310130
510294146
28529585
499802893
0
407479633
249881725
405391430
176822976
423267669
282320830
568363535
481502262
146425481
0
10426895
475214410
220075610
610102708
182450120
197377323
195845925
300963863
0
587552610
395360965
350682764
147719334
113061635
554071132
411222650
556366273
399908758
519014121
587296
0
305926780
153986100
415820766
0
81570167
0
0
582872360
328460226
538843736
337092337
288904997
605028595
444016003
569130706
259886466
452528773
205536596
296316530
383351993
124006245
89272921
592931361
0
420647045
0
280605910
642276196
273483412
188454407
101562302
349307938
57496386
354231525
66298693
0
590306617
0
343661282
370627108
0
141181187
571028368
382409263
446561928
237912447
333617960
0
198284127
651315308
51443697
218226452
0
653472103
67761655
640192421
0
249828747
0
0
392815532
357216092
631429467
26445497
616425924
69072453
295631026
0
319417372
0
131275345
168633132
303253531
479561178
0
526974057
493401348
248801464
530902911
258998772
324462410
515862654
80034747
314487343
0
0
467862605
301909561
9658596
4106034
472769158
393616200
594344580
176428569
23662784
599857515
458312856
249416958
79633790
629978724
299163022
0
654014983
149281284
0
232408688
464349843
647805125
532984157
444187543
167972374
319090053
0
0
567518008
152138563
0
577624510
274556220
600515403
120117984
270412498
583964701
15504009
248596857
354958049
360483908
56480240
548080169
612799914
303597331
344671186
0
316640702
54561948
133513835
0
15447145
216333209
247850533
636354933
634665520
331993288
466153928
98541602
256864909
0
639507751
0
0
220550974
325522781
0
364763658
481609405
315742202
425612645
105119363
0
321730033
453017095
164196776
549841729
581362221
600855826
639175758
0
0
634966631
160007010
387675863
580448532
237775461
443179893
321087111
122680431
640629070
0
237818291
156315567
158634158
539500201
0
0
0
0
518881660
576868644
549319726
388344242
547280400
386900742
0
482219788
0
545468639
0
79980386
185594720
234619818
0
432428900
342722531
426665894
153925240
218490107
530393050
0
155131527
218738131
661356796
108387262
641265217
75629500
662734
614639772
393914026
10644886
574535808
0
0
525954705
324380472
256247977
223475681
112667083
400846886
177905841
429520382
418562823
664599867
261397522
449134977
584830158
638796191
0
0
0
426953636
431606925
651671701
522155657
199868027
14901313
0
522833424
597699075
351872101
120781285
575257611
191236340
164019093
268248232
0
24942343
150706046
227165472
574123862
419988719
0
363185622
68498078
76449811
303992479
129982161
363295631
97106568
476431032
396975523
320879573
512671877
248488775
301352460
0
98920840
581227397
434297008
90676698
0
488963568
348882361
642366332
0
601589116
57159926
0
539808198
0
169096753
246761503
613138523
349851055
231919107
231642073
414299442
203092197
395215328
0
176203991
621402673
391316597
0
327928421
339233596
227115565
0
475055397
0
506531286
231180295
183655545
0
0
538030539
476992049
0
267880876
622403595
493965176
444151698
598977893
174620591
0
462939266
566119650
0
664086683
324031378
56754479
422410040
0
399861209
0
241959522
63577615
328018018
504639556
643903952
0
522902896
509814071
655078220
221237081
611662007
535954911
539994752
117933069
639513353
0
271588997
285659411
381891853
430174142
438555213
201825715
550364880
195530327
83592791
239964127
205801897
242970310
643860032
319417372
35536417
168034489
565336240
442711285
487038851
367655784
100843088
218483875
365173143
549375638
546493963
403571177
214674813
291223300
39991319
212589061
473776343
325371383
0
0
321087111
593012675
627066949
228549979
394840400
129384604
266114994
343593402
0
374974163
199994238
0
456243632
82761066
188830000
364939851
608844197
99603529
487000155
264705131
0
52405104
126331663
0
368305308
526893354
394082779
412536122
184540134
89637939
0
131459548
560766227
0
88873923
619706027
88425993
409801940
0
114885605
76482632
0
197417109
164607575
0
224645034
296697569
0
48102287
0
434198985
611072406
523678998
635658318
27247535
381889960
0
313586751
75808816
111124553
72122967
526744224
495262732
445043775
382306290
359436433
333329083
370003958
456881537
503993121
563364921
478171904
663574322
296930893
13949545
385235095
597756271
522868495
5985705
562824690
480662945
295395117
425829134
162296200
0
81331790
54868366
349576796
386756756
45594976
280641206
271117158
294487609
406920860
132294179
513220313
193032118
115986114
463531095
259618857
289549471
370430535
202403306
0
621454778
622968473
190485396
295637119
0
437299574
361080510
263895361
497897422
0
0
0
0
0
66399272
0
375405705
423824610
459219836
2770437
405582653
0
240480751
127068585
406181321
431246138
371248609
204799097
329665124
188810880
90805961
388817358
475263264
367999221
523379057
651628043
296328713
128980609
0
596377044
241339239
263337186
595550102
475301934
515841272
239299792
136014947
654446890
274912756
398591034
0
205583781
414106349
0
62321486
561165504
281185720
0
0
532985360
0
414860935
337758523
0
483931098
198722527
182559517
323457205
266139235
312830091
0
0
358283775
213388286
557054538
395346399
445243583
662622349
471810537
402673309
422520094
164861553
0
0
521740174
615925276
221646572
511654448
510348648
192965399
612650167
611951704
155642471
327267600
237545156
401187795
489976764
92304743
116700315
0
564738696
0
482265587
399790061
103570961
480981674
159039716
0
197421560
626462472
311239066
395769376
39902823
408027246
448123850
322726451
387232871
73079768
451855688
543530282
470894452
453386526
241175204
144554160
26545260
0
557766094
544403776
253646287
0
281176551
509781729
119937302
0
380552243
474884712
220841727
425692787
418937880
288489009
582542822
378956470
642441320
632232750
464245175
307462324
397734948
73012392
169301378
332692704
210553191
448865655
353335699
219943879
494787328
270118558
218847213
95895917
17276071
208010125
0
651705376
85759036
0
305789025
430646520
556339332
121170479
449309867
14229669
326358966
113118382
238044937
277559922
0
597163302
295318589
0
385501888
322489282
26104821
471547665
0
170494111
453809237
348207533
398725220
253186504
5108288
625959043
556556875
609584878
569064877
253607507
594244819
218538725
614052237
0
424681904
423229083
118586206
230258333
621255316
94386192
38019304
400809116
244071963
217235457
538332358
502649290
156961195
84200067
311012909
546567418
663549698
642017468
0
69238560
0
302921477
159173480
337450265
579798838
0
419528583
297940445
353920627
56856184
259923001
0
0
66853202
0
385525940
482784129
0
0
0
146768710
93733099
297246636
35964723
10143869
398475740
0
0
122691034
427644976
77428628
0
544980206
654013720
259223379
205147250
282852442
14331309
53056599
426328913
144285930
17821699
636393375
0
540739012
417195092
81118144
145378586
535411094
77419674
593642091
503726199
217374428
0
346147088
256428576
187781417
527486913
142936610
195099487
482593194
302669320
525236257
282536902
34719050
529214577
64581198
170655211
226304490
561520074
3696934
217648357
535714955
663754692
413311593
571085255
0
109650017
131321374
224513195
116371173
231591796
481256856
95865290
373445073
528791527
15682121
300922949
421814101
605517327
0
366187253
264141106
399347107
0
167357120
611922973
0
498408821
0
97112240
448002828
574270572
151928838
88623323
265921949
645949673
9306009
501340199
644752262
188786692
66187323
173788059
327710953
426862896
0
0
621517780
453134567
0
0
517199375
242303482
292739503
557089854
111292644
386886873
560289267
277913221
6910617
0
50051100
394494299
334168974
0
1915124
454533566
458514915
519580861
379903235
114228612
257827591
607034463
0
0
104960190
425100410
109648329
619293303
423431992
544900933
0
145130024
244843355
348425528
192660959
0
0
109504106
444772072
0
523064477
566628254
245217338
0
603892144
405839490
557526819
411429313
34765053
635223681
566338002
597049951
19060992
0
56800690
233614666
430034282
156647670
388908186
644507895
257849624
518833330
541072049
320732726
0
125340114
555095984
3615613
318808913
269067065
222404882
375768044
116212721
0
210691211
618882522
0
17034646
354182331
0
14167576
658237642
607704696
622637705
0
495658275
398424094
657371531
369153367
297551576
359821384
510550538
284181732
258343691
534466908
0
537400226
636285373
352693468
554024347
635758255
524088547
37867528
365310140
80640615
0
0
0
0
459013206
609520344
525186962
396731697
31040517
112302957
214970024
564563151
135603129
560775835
43378031
3939464
114828315
308715756
452515235
96491013
396969655
304740824
539560978
403086363
189608883
0
260484688
502019669
595092412
0
301122152
335635502
461158974
242910713
24318631
412996881
0
252266687
368495888
490646894
412873289
0
576240490
35722307
0
216800229
227353504
267436831
118829809
420972187
446272107
209759297
43584238
434660662
90452218
383450477
294552658
156711994
0
666493018
0
0
577216088
37377063
268961566
82749568
205877513
543266880
577184021
227258443
279522895
454042486
612457578
178144580
608080614
383105294
489781799
634608094
450435094
507547300
500078956
0
327480257
0
482507322
188865310
638473951
467666021
476478720
0
204424211
0
78090415
357800822
403149685
272633821
383268646
0
587972916
566112564
0
227170133
0
560362923
348375906
422674529
477170464
139342427
90183746
255319442
256040141
70840586
535404997
124529038
635135157
457416634
462773109
0
230294224
79869712
0
425049033
206505344
581052401
0
328391032
527031714
198472408
640845733
491688085
137797112
497821703
0
638929383
0
0
141517007
94224947
616472973
598075290
474985774
18853849
364505295
70744683
200515476
118165632
0
0
342960735
0
570747974
69834528
140865302
508581151
119370549
572293603
446571020
254740041
174648058
95161819
270255637
568745612
649987881
643950869
369375486
458552087
0
303605014
582987197
247805719
398419929
264183703
637935708
56923982
646927100
173274872
459050973
0
274395802
97913006
0
504209942
219287486
612330098
241525516
365974286
0
262528936
0
395132550
193130375
41158556
655760326
203868139
273058387
631041147
291082419
429741936
480908331
546489271
477367082
109286847
123779173
96515056
567857663
645460343
112052577
397456219
420962473
599126697
312239738
193301258
8217637
2208539
369905247
502585150
142959047
0
163301949
294353724
517120771
302602841
145495363
413668100
404877476
185940566
0
0
0
542257661
633464329
649962215
119469336
6407623
0
531784033
317640253
188964223
569927256
187326539
444624339
212329581
572650472
95014767
443398126
354929641
0
162633901
664566475
0
485302786
192028967
442198312
0
195011426
18094757
210758243
0
522194873
559440432
606807318
12828908
0
629324322
0
531980888
139866241
595149881
4160214
0
338612483
312731806
509309133
595390800
89579139
212618490
444731845
194889295
602700785
280212611
0
189920031
320065998
22711988
181307376
456231599
409381274
537827261
24916362
0
348355003
381014946
188834055
595587087
159631863
306224937
374664531
237845875
72218438
194126394
188750381
119250906
411966628
598289154
0
570245102
100478765
194608239
0
121590423
357127256
122315213
0
198818915
244987946
0
603739873
522300866
560091748
393210715
619800888
75400445
469012673
119484152
373576942
0
471224622
0
140116671
0
385804252
624839262
0
0
383750431
511419236
0
420377465
666318315
235841076
0
0
123597355
89998754
88018275
491206009
39360999
204944499
53376690
355214133
465174978
0
0
0
388196601
409913407
146322576
487450550
10712225
0
590312583
488546964
649818833
136058400
423215515
584776013
264389809
460338573
0
636011425
168906307
651996889
33630092
285676108
6672650
262907147
0
407701037
657303394
99564498
36624199
188336766
207920549
235384767
51249102
0
0
67529067
261178627
548602357
601716445
0
0
357419445
536888242
222029775
175021129
368369469
0
478319365
0
146503776
7496211
619441982
0
59977400
340881575
212114774
381363190
647161901
241861687
629408854
223340564
463705297
0
93915591
282051639
506524300
488875727
46120285
167350428
28197816
532283268
220038800
0
440403384
501222093
0
493089379
0
0
652447421
341347478
0
586958709
0
605684166
531129577
279456551
588980928
79970454
0
55164975
236201683
581382724
176501218
72080602
306709247
45288225
349585531
641078243
0
635888616
207335083
0
570594243
609768532
271388417
422135423
604120258
15712320
556793198
586624586
267308735
385567429
542757476
407818209
0
85747114
526815972
0
141404672
416005006
41524590
302726148
0
386975911
503763917
0
295228541
0
0
53502326
0
133247889
0
560815079
355489668
360082058
480270896
77692940
9128213
38835958
504028288
0
0
0
126391975
98841192
0
227595536
501979669
0
68732475
0
207104974
0
464407034
331909784
522095899
204990084
466302726
347159491
422722937
179328395
0
639303360
657945810
399339312
254332116
197626784
402528223
229908696
82634040
493397089
361106168
366202182
588655960
0
250331605
281386668
0
212673495
163634138
603579600
472432066
624557435
0
0
609580159
106965114
464352005
0
371161446
0
0
0
207139417
269564396
50821172
2055504
582773459
608870135
462890728
558536413
175331065
0
0
374010806
643492733
641497394
553131103
419285799
157313085
298520359
217849838
484165273
462151093
513019863
433390113
414209171
170290922
18488162
0
644869258
0
592400696
0
63128633
262771728
358826816
0
88752690
53183502
538759389
151568188
652295671
542353294
540165054
58235903
186701004
646545815
256515270
150358012
509555117
505226587
136773195
264903375
170129382
626859463
0
271687500
563881264
367357060
624873347
405426948
365332555
0
566861736
57037680
462606044
666359827
96349335
511345495
365542204
455571509
0
225158583
0
13638669
616263921
361292682
57670612
664378522
278854968
666369854
658993325
653338996
639383308
590112480
70028549
243175040
85251831
168111186
349616679
297538040
501758432
248667367
455080751
551108596
45556997
0
326183940
474685844
0
337676736
526230535
574298236
35996004
555103808
447563704
19938423
601893444
301998006
0
155755661
429126561
336869182
446081719
32075976
426000535
122797610
511697021
345909010
600486858
607273531
46650420
12045385
229348002
567999739
0
337883568
0
0
99815997
0
393370887
0
417146291
95267165
0
120896263
650651992
0
199288541
97017943
464969362
0
526965712
230155385
448351893
568130525
0
0
320279291
653526928
0
471749206
384981335
49882826
24990483
0
593589264
110173625
0
634885730
326246223
393982113
202683128
435907770
197393105
46766488
368623422
281912803
0
0
0
140088694
78036833
272691704
617899680
556488136
0
187768618
106477835
0
395974247
91445594
450702494
0
388415405
0
219823683
575725240
317711518
0
236367591
616688394
406594498
119169334
203353841
568762145
422305773
56098754
392215467
173886574
164417720
564705708
255521447
0
439455296
507337752
0
127576563
100858336
360124768
344905781
629515730
290005878
78048635
235637820
625195602
131010854
157770967
370528797
0
122937632
282372479
346345659
509593399
0
237444953
342039116
389862750
649702295
637154296
544688042
391996182
207547928
0
300435108
327980493
478330461
44170277
132290547
599401360
664241126
482887369
466087911
2961306
543492741
403592657
338442811
638752891
381991655
175262899
280890039
219173385
633288021
347233176
446829443
179509245
0
104335924
34092797
423649960
0
139902617
497661442
338729524
215276311
582898599
175922966
424096324
568332959
647177953
430752380
0
426328913
456030158
436654068
61564461
374210460
74435929
330251140
536195141
0
38024180
53170341
516450830
365234464
87677146
413718653
107661803
419994002
169531570
197300799
0
245443278
343252875
420456155
450793351
299909621
440661267
0
0
0
0
252259952
643120642
406059810
0
479568816
223285374
72598901
568861034
0
654271031
542553831
0
278035729
312274025
74143834
72726136
628363311
190703485
11122194
79971105
287495015
209998209
0
0
660962052
332811973
134797959
111379674
573770838
348088776
126267497
186451063
162695429
91476808
424891618
339458015
411756434
284941313
241725100
242057841
0
276039258
234373376
480273231
5647925
69978843
587279813
179134282
256160185
480448498
350209975
153474770
426434559
144701948
64034552
578566547
401642277
557925650
0
313358318
448386132
272415456
0
313372501
0
243694397
66368188
467450052
0
242138553
319328359
297535478
367585811
656537905
634345103
79149792
601333948
633438827
607668447
645994414
275266047
76068959
0
258286274
197906872
0
526370669
551471763
47758561
0
72812583
411705751
486550021
223056145
328996440
0
619675494
0
0
300586816
0
272847886
266592970
0
0
483956611
0
321583985
415257659
59358299
0
77740091
438012209
649095899
184169899
278687715
504085441
76906296
587824450
147689512
45199152
95115639
0
586601095
280541420
0
449034485
170894826
161050645
380271270
353114918
348386839
0
631763205
169032269
119216615
110626277
293134045
174591256
550800537
563179205
0
242221573
176817743
291216674
475380342
0
11214795
78703193
138370532
93886420
605392041
0
556143974
88785367
658221709
430675458
0
273511585
358501551
362402199
538448845
186455811
170958131
503188608
522851827
410187148
607149564
426127804
0
505801746
146400032
64042113
566511138
213216654
126587189
468717334
271816140
61145801
96238628
67077271
220136429
648558829
521317974
633030488
159259746
40758439
660560536
482885739
104854828
216403309
310970423
116837835
447639184
497507485
60365414
0
185649007
532719331
101256306
52203959
462725194
609128800
180667930
663767845
292965997
170406480
0
497468340
525443477
422521200
228397279
477897236
395420925
45695608
45743999
198722527
452443830
413399342
57533374
132712813
0
70606529
169667121
641044988
630478570
0
0
0
391397612
164852815
0
446387929
70041508
450280644
651177544
404271910
543053340
0
0
636818635
641714072
0
391154259
442603254
247515431
473447619
334696725
0
186930137
412190641
640994467
559218000
449155802
517865720
0
177833176
138714250
444832822
472236644
0
76519301
517988010
226843249
29286872
168002969
343835735
305460074
358983286
452535078
378808703
507376566
400748758
5261496
88311344
501213618
0
403130842
0
0
321988537
274554000
0
264865035
0
611851515
461452856
263642659
0
63410335
336977329
663907893
565276082
0
423429504
402372398
432000296
258375382
281163300
0
147196530
284763506
665522351
87356093
0
562722444
349910101
362912512
0
474454058
587777203
550643804
165855975
559047881
498327866
179638596
133774930
152509572
444187239
245371646
142389882
202209184
230902924
582288390
356272498
41114061
0
0
289911911
273580597
380735021
660350936
432926627
239236821
584787191
0
342698507
610707938
233198837
483669609
0
346190945
215990995
181292539
575338574
616481759
0
288141201
198093551
0
136328779
341144014
613871334
0
0
404489446
0
5933747
153827509
6954685
2557987
591912383
471781179
294994970
189943684
160521721
474203379
173095266
439045575
17578426
375050142
53626912
88314543
0
85907351
0
429024318
284468782
78167619
648153706
367196781
31802807
0
0
511630581
0
93666716
395795051
312498492
490364420
384943872
403539009
385274344
559019358
216386902
155672650
113613531
245778305
81842613
548658101
411994731
0
344645152
0
0
607146376
318941791
344968873
543303168
381979068
467665703
642274471
629581661
344668240
516612139
0
663082886
174882380
37485778
0
466874031
492559946
612205451
335646978
35101209
113141576
662922116
292578043
89188377
644024077
527363158
333769171
428772751
619419964
392318469
415263971
0
0
0
274970450
472845122
38311691
407545511
0
295520852
246943
423151346
365422406
252138764
470734043
53376690
362510944
541734110
587862351
428823856
0
0
548296376
661179796
359738617
173295018
129521961
92571099
633203934
147296193
0
608225542
642191085
587035040
630981982
0
273436209
120716688
374372431
0
627115402
69313667
363880749
0
3088135
596517711
374628175
536360692
315772481
91648359
632020773
0
0
450212840
0
0
0
306071283
355573187
527486913
44590188
0
96597296
358477944
384850658
634792691
490446466
43328682
0
494641477
385588875
420085414
478655390
493162456
281995491
0
403590409
0
529909148
519625384
599497310
0
0
0
376150691
57170597
247525451
7372079
179141924
338343529
73308697
0
355368034
443758936
390219068
489913210
144928078
24507804
617800004
659711996
323778898
231460524
0
630886164
175719547
278769244
329208559
126549894
317144051
275161603
142019049
484736025
416258096
466869494
0
89489917
33564577
122552586
504281751
0
337448630
47941115
170201473
9380498
127998293
88596630
450212840
540296096
0
0
552647240
388304748
0
107006259
319730387
213748625
167681675
0
354216177
585962411
0
70765281
0
624433427
301163138
75235719
657578272
0
660400972
0
658251330
176756213
594125476
661565166
397184052
139451019
83249101
279668320
145955159
213341078
0
0
100031579
0
606350495
36561295
218217612
404235761
518835248
88016890
142370932
449026681
102869386
508840221
459750651
138361028
417868647
275546473
12548086
493017142
0
381437782
609165655
115655194
2801343
512408079
551007687
661754852
335533018
421094184
0
486673550
224379799
291325559
163572723
438112585
435915940
26824771
340850824
0
0
593457711
462255633
92448296
149594225
304396710
451304586
408204271
0
0
156143478
205312601
568752664
326295640
311079402
616627681
107277037
361103040
571871721
442128661
176766156
482992718
306788651
97758839
472371833
518406276
533660659
268164177
0
0
148200509
462695557
0
239858269
552236817
636099102
0
279842897
599595779
223876226
0
80846867
0
116048327
466416813
642003722
367918139
313522548
85947154
116882819
170237773
269576133
279235882
641497394
0
90967239
447929712
520292405
467259250
529153882
558705710
117264763
440795565
329814630
664406343
0
638169556
0
541421160
664365323
0
607981689
0
305248037
535076345
0
0
334226838
440101638
662938168
334729324
121641638
620721732
0
43175294
0
118526881
435301423
0
0
40860684
264682005
540595248
149988486
528786243
0
81844558
646760652
389676808
281513598
481039027
592301725
446211261
75725403
117974269
588874859
0
534466908
0
602942332
482177881
588734491
505221099
132640515
75966187
227313483
261623323
595664294
301392263
397156566
620446424
300614593
168459083
338584929
523227318
288552826
265698676
472824474
562834969
0
276675784
593148737
272969714
13004683
449348940
544677640
109685235
84297957
364393510
250479877
613495885
301486035
230872812
593015499
0
129453687
219738799
655594940
406788528
233336620
428481105
79591671
622427713
0
355792586
509253353
527333330
545579508
210171736
329606878
491267693
0
154874222
536009606
71383761
321811323
17337325
488674915
426934162
641626295
272913897
462790202
335557223
218226914
294048569
169953185
0
233260594
386684732
464483158
268034910
322331161
501604419
0
24824194
558762014
6948478
0
331863549
31700238
558481592
0
519918874
384505143
631193425
523733819
0
144446942
211058793
245570473
130965013
0
581409654
336723658
0
0
0
527192127
3021223
342414431
551061374
289851164
364896809
125356222
543740512
0
434978747
614262564
130085819
13668137
303924705
333280378
650122832
437574933
0
0
301660144
374517410
238922744
200328371
160372799
315142377
621468747
0
458826427
373305171
0
386764258
449331726
222041069
0
83114774
494409933
638005739
552045042
209117026
30581273
599632099
173627700
0
189905925
61455702
0
340726565
2501760
88609747
0
570882299
558124600
140264147
639899079
62937168
236437218
389064301
87499776
0
89533530
578874658
237648792
53223101
657832966
0
0
188965672
261850765
201097401
0
562596466
348528900
584804194
203060507
124484434
0
575217220
270576582
0
375173758
101730403
610545334
0
393461850
395315126
468444499
497316454
364501018
0
455977107
56176397
380336367
601747261
205179157
629209013
0
346657190
364490454
321730033
73784819
120081394
0
551544885
619780352
0
535346720
506348245
266061786
0
285851453
108328797
148964810
215295050
224932102
403357890
0
656514554
123833551
517445351
361411919
462586868
413968820
174931690
303763178
366676571
615764077
288006523
231669198
525980193
52000182
651770572
198196454
482212803
596447413
509354120
143097671
272951446
644463825
374932144
77923284
356147074
664861270
515724005
209475363
363419244
499981752
195862366
385472878
173655271
0
448176428
173518797
372074186
0
0
579806827
0
225692718
291873291
47606809
580063984
269670075
498614604
503853023
240383071
532902316
0
272306903
193653308
409676208
513647649
0
0
314462033
370537349
51637472
634409073
0
0
508405057
570788682
136317737
56580158
190664115
605919011
549124689
52657415
40190211
290758687
25206964
368567016
427044845
265581785
408605814
0
191412186
386169806
0
666010154
32586849
0
536195097
206811223
369988577
325532763
193571321
628481764
144360978
650195270
274950141
291329309
24926896
103744286
0
318819096
413749838
491344593
12675716
302898842
551246580
0
328640368
613451952
369241099
318576401
91984595
250592030
56920783
588247556
0
199332670
284814069
640194512
651104052
569233160
586607179
0
243658921
367712761
337103496
620739630
291082419
64363921
565402745
0
606560546
69649836
0
38404446
192935535
469787690
42379941
448812563
436805933
537481670
176521157
289813002
0
0
576855160
0
0
232871258
0
0
24928650
322045665
387285003
166735580
275063721
99672190
102964124
0
398969830
653210402
163438124
619286278
0
39613812
438831039
430352313
539645301
599291130
383786246
488726095
587265242
337408611
278645962
0
259813592
330258106
435695745
585211790
228634921
424468516
330513455
0
149435258
0
244998290
420270099
203815520
300218293
270718873
510317564
411262408
56333092
23455991
524211314
157181115
0
295442370
413173794
379705299
356871907
638846693
0
410299867
0
75374391
317521074
270874880
0
506701158
86202837
402447321
629059989
653742279
430459471
425095693
626462472
0
392051075
110203728
594565618
521388648
0
0
514048168
431795594
133600787
71926414
0
618879213
416394911
217260894
646670456
524347021
654131015
431743106
0
250597562
157804558
311282503
35859606
187305561
647318824
518394139
0
592664135
300079225
451785190
287594668
550111639
641719129
595510498
590221749
471893439
609366607
589880070
344386453
570357980
278448009
0
348808405
0
419604767
342687355
338191802
471782238
457008978
0
228715324
0
572018470
580413643
167448156
115420658
660096952
570071076
433082317
556307616
267212052
397177090
462730576
304235046
0
573992601
319417372
511994690
418100715
0
277630678
226556036
184037950
618618738
505525431
531564631
569902226
116628038
513451528
552663545
580647977
100689283
0
159994145
161007820
277547770
514657701
574776060
35245680
157143317
365579506
0
0
559194072
107164490
533208386
483881179
0
267805807
70417525
0
477178757
199622715
219384431
390436605
587243450
179244683
606036188
97532569
0
0
0
0
536197594
426791457
503103810
591652027
290758687
478659902
463457954
421378777
255595653
92693603
0
628661962
0
405263224
17295142
195291173
494880379
0
0
362942155
295097234
260161925
490904659
0
175043531
359089250
0
532068790
617778859
318635336
0
457419511
472791721
656457502
421058654
479986716
0
377567911
267179001
634187357
349984951
134143614
334187169
0
555179246
664009367
540905490
557026164
336505442
428053905
393614716
419936285
443251642
6482223
0
395705768
598573310
402866326
403110933
151249929
0
506598082
82297635
476814682
300518342
507091891
69313326
0
353054272
0
381451322
452608857
106253940
501653390
596876400
531747356
254501156
628291676
594982550
0
583405456
567580956
310611624
611669762
568736021
497501007
31525608
0
237296865
0
268233536
106343981
472940965
382844926
322057455
568476199
510111063
540226713
0
549492857
482723280
0
271268490
621155673
193701119
0
150677409
326120573
0
136476957
367599912
56177056
21284288
209317772
475400742
0
271764649
0
0
299770185
511717615
527866325
603963056
0
629191635
540998049
186148482
612234869
0
0
0
604005532
0
638074938
51351680
